<?xml version="1.0" encoding="UTF-8" ?>
<testsuites name="vitest tests" tests="2" failures="0" errors="0" time="182.955">
    <testsuite name="test/Views/Dashboard/UseCaseCard/index.spec.tsx" timestamp="2025-04-15T11:35:09.752Z" hostname="Setup-User-MacBook-Pro-" tests="2" failures="0" errors="0" skipped="0" time="0.011693333">
        <testcase classname="test/Views/Dashboard/UseCaseCard/index.spec.tsx" name="UseCaseCard &gt; renders correctly when IAP is loaded" time="0.009320417">
        </testcase>
        <testcase classname="test/Views/Dashboard/UseCaseCard/index.spec.tsx" name="UseCaseCard &gt; renders correctly when IAP is not loaded" time="0.001786667">
            <system-err>
⚠️ React Router Future Flag Warning: React Router will begin wrapping state updates in `React.startTransition` in v7. You can use the `v7_startTransition` future flag to opt-in early. For more information, see https://reactrouter.com/v6/upgrading/future#v7_starttransition.
⚠️ React Router Future Flag Warning: Relative route resolution within Splat routes is changing in v7. You can use the `v7_relativeSplatPath` future flag to opt-in early. For more information, see https://reactrouter.com/v6/upgrading/future#v7_relativesplatpath.

            </system-err>
        </testcase>
    </testsuite>
</testsuites>
